Archive member included to satisfy reference by file (symbol)

E:\Project\PlumBL\drv\ch58x_drivers\StdPeriphDriver\libISP583.a(ISP583.o)
                              ./src/port/ch58x/port_common.o (FLASH_EEPROM_CMD)
d:/mounriver/mounriver_studio/toolchain/risc-v embedded gcc/bin/../lib/gcc/riscv-none-embed/8.2.0/../../../../riscv-none-embed/lib/rv32imac/ilp32\libg_nano.a(lib_a-memcmp.o)
                              ./src/port/common/uf2/port_uf2.o (memcmp)
d:/mounriver/mounriver_studio/toolchain/risc-v embedded gcc/bin/../lib/gcc/riscv-none-embed/8.2.0/../../../../riscv-none-embed/lib/rv32imac/ilp32\libg_nano.a(lib_a-memcpy.o)
                              ./src/port/common/uf2/ghostfat.o (memcpy)
d:/mounriver/mounriver_studio/toolchain/risc-v embedded gcc/bin/../lib/gcc/riscv-none-embed/8.2.0/../../../../riscv-none-embed/lib/rv32imac/ilp32\libg_nano.a(lib_a-memset.o)
                              ./src/port/common/uf2/ghostfat.o (memset)
d:/mounriver/mounriver_studio/toolchain/risc-v embedded gcc/bin/../lib/gcc/riscv-none-embed/8.2.0/../../../../riscv-none-embed/lib/rv32imac/ilp32\libg_nano.a(lib_a-printf.o)
                              ./CherryUSB/port/ch32/usb_ch58x_dc_usbfs.o (printf)
d:/mounriver/mounriver_studio/toolchain/risc-v embedded gcc/bin/../lib/gcc/riscv-none-embed/8.2.0/../../../../riscv-none-embed/lib/rv32imac/ilp32\libg_nano.a(lib_a-puts.o)
                              ./CherryUSB/core/usbd_core.o (puts)
d:/mounriver/mounriver_studio/toolchain/risc-v embedded gcc/bin/../lib/gcc/riscv-none-embed/8.2.0/../../../../riscv-none-embed/lib/rv32imac/ilp32\libg_nano.a(lib_a-wbuf.o)
                              d:/mounriver/mounriver_studio/toolchain/risc-v embedded gcc/bin/../lib/gcc/riscv-none-embed/8.2.0/../../../../riscv-none-embed/lib/rv32imac/ilp32\libg_nano.a(lib_a-puts.o) (__swbuf_r)
d:/mounriver/mounriver_studio/toolchain/risc-v embedded gcc/bin/../lib/gcc/riscv-none-embed/8.2.0/../../../../riscv-none-embed/lib/rv32imac/ilp32\libg_nano.a(lib_a-wsetup.o)
                              d:/mounriver/mounriver_studio/toolchain/risc-v embedded gcc/bin/../lib/gcc/riscv-none-embed/8.2.0/../../../../riscv-none-embed/lib/rv32imac/ilp32\libg_nano.a(lib_a-puts.o) (__swsetup_r)
d:/mounriver/mounriver_studio/toolchain/risc-v embedded gcc/bin/../lib/gcc/riscv-none-embed/8.2.0/../../../../riscv-none-embed/lib/rv32imac/ilp32\libg_nano.a(lib_a-fflush.o)
                              d:/mounriver/mounriver_studio/toolchain/risc-v embedded gcc/bin/../lib/gcc/riscv-none-embed/8.2.0/../../../../riscv-none-embed/lib/rv32imac/ilp32\libg_nano.a(lib_a-wbuf.o) (_fflush_r)
d:/mounriver/mounriver_studio/toolchain/risc-v embedded gcc/bin/../lib/gcc/riscv-none-embed/8.2.0/../../../../riscv-none-embed/lib/rv32imac/ilp32\libg_nano.a(lib_a-findfp.o)
                              d:/mounriver/mounriver_studio/toolchain/risc-v embedded gcc/bin/../lib/gcc/riscv-none-embed/8.2.0/../../../../riscv-none-embed/lib/rv32imac/ilp32\libg_nano.a(lib_a-printf.o) (__sinit)
d:/mounriver/mounriver_studio/toolchain/risc-v embedded gcc/bin/../lib/gcc/riscv-none-embed/8.2.0/../../../../riscv-none-embed/lib/rv32imac/ilp32\libg_nano.a(lib_a-fwalk.o)
                              d:/mounriver/mounriver_studio/toolchain/risc-v embedded gcc/bin/../lib/gcc/riscv-none-embed/8.2.0/../../../../riscv-none-embed/lib/rv32imac/ilp32\libg_nano.a(lib_a-findfp.o) (_fwalk)
d:/mounriver/mounriver_studio/toolchain/risc-v embedded gcc/bin/../lib/gcc/riscv-none-embed/8.2.0/../../../../riscv-none-embed/lib/rv32imac/ilp32\libg_nano.a(lib_a-impure.o)
                              d:/mounriver/mounriver_studio/toolchain/risc-v embedded gcc/bin/../lib/gcc/riscv-none-embed/8.2.0/../../../../riscv-none-embed/lib/rv32imac/ilp32\libg_nano.a(lib_a-fflush.o) (_global_impure_ptr)
d:/mounriver/mounriver_studio/toolchain/risc-v embedded gcc/bin/../lib/gcc/riscv-none-embed/8.2.0/../../../../riscv-none-embed/lib/rv32imac/ilp32\libg_nano.a(lib_a-makebuf.o)
                              d:/mounriver/mounriver_studio/toolchain/risc-v embedded gcc/bin/../lib/gcc/riscv-none-embed/8.2.0/../../../../riscv-none-embed/lib/rv32imac/ilp32\libg_nano.a(lib_a-wsetup.o) (__smakebuf_r)
d:/mounriver/mounriver_studio/toolchain/risc-v embedded gcc/bin/../lib/gcc/riscv-none-embed/8.2.0/../../../../riscv-none-embed/lib/rv32imac/ilp32\libg_nano.a(lib_a-nano-freer.o)
                              d:/mounriver/mounriver_studio/toolchain/risc-v embedded gcc/bin/../lib/gcc/riscv-none-embed/8.2.0/../../../../riscv-none-embed/lib/rv32imac/ilp32\libg_nano.a(lib_a-wsetup.o) (_free_r)
d:/mounriver/mounriver_studio/toolchain/risc-v embedded gcc/bin/../lib/gcc/riscv-none-embed/8.2.0/../../../../riscv-none-embed/lib/rv32imac/ilp32\libg_nano.a(lib_a-nano-mallocr.o)
                              d:/mounriver/mounriver_studio/toolchain/risc-v embedded gcc/bin/../lib/gcc/riscv-none-embed/8.2.0/../../../../riscv-none-embed/lib/rv32imac/ilp32\libg_nano.a(lib_a-findfp.o) (_malloc_r)
[...]
Memory Configuration

Name             Origin             Length             Attributes
FLASH            0x0000000000000000 0x000000000000c000 xr
RAM              0x0000000020000000 0x0000000000007ffc xrw
*default*        0x0000000000000000 0xffffffffffffffff

Linker script and memory map

LOAD ./src/port/common/uf2/ghostfat.o
LOAD ./src/port/common/uf2/msc_flash.o
LOAD ./src/port/common/uf2/port_uf2.o
LOAD ./src/port/ch58x/port_common.o
LOAD ./src/core/lgk_boot_core.o
LOAD ./ch58x_drivers/StdPeriphDriver/CH58x_adc.o
LOAD ./ch58x_drivers/StdPeriphDriver/CH58x_clk.o
LOAD ./ch58x_drivers/StdPeriphDriver/CH58x_flash.o
LOAD ./ch58x_drivers/StdPeriphDriver/CH58x_gpio.o
LOAD ./ch58x_drivers/StdPeriphDriver/CH58x_i2c.o
LOAD ./ch58x_drivers/StdPeriphDriver/CH58x_pwm.o
LOAD ./ch58x_drivers/StdPeriphDriver/CH58x_pwr.o
LOAD ./ch58x_drivers/StdPeriphDriver/CH58x_spi0.o
LOAD ./ch58x_drivers/StdPeriphDriver/CH58x_spi1.o
LOAD ./ch58x_drivers/StdPeriphDriver/CH58x_sys.o
LOAD ./ch58x_drivers/StdPeriphDriver/CH58x_timer0.o
LOAD ./ch58x_drivers/StdPeriphDriver/CH58x_timer1.o
LOAD ./ch58x_drivers/StdPeriphDriver/CH58x_timer2.o
LOAD ./ch58x_drivers/StdPeriphDriver/CH58x_timer3.o
LOAD ./ch58x_drivers/StdPeriphDriver/CH58x_uart0.o
LOAD ./ch58x_drivers/StdPeriphDriver/CH58x_uart1.o
LOAD ./ch58x_drivers/StdPeriphDriver/CH58x_uart2.o
LOAD ./ch58x_drivers/StdPeriphDriver/CH58x_uart3.o
LOAD ./ch58x_drivers/StdPeriphDriver/CH58x_usbdev.o
LOAD ./ch58x_drivers/Startup/startup_CH583.o
LOAD ./ch58x_drivers/RVMSIS/core_riscv.o
LOAD ./ch58x/main.o
LOAD ./ch58x/test_key.o
LOAD ./CherryUSB/port/ch32/usb_ch58x_dc_usbfs.o
LOAD ./CherryUSB/core/usbd_core.o
LOAD ./CherryUSB/class/msc/usbd_msc.o
LOAD ./CherryUSB/class/hid/usbd_hid.o
LOAD ./CherryUSB/class/dfu/usbd_dfu.o
LOAD ./CherryUSB/class/cdc/usbd_cdc.o
LOAD E:\Project\PlumBL\drv\ch58x_drivers\StdPeriphDriver\libISP583.a
LOAD d:/mounriver/mounriver_studio/toolchain/risc-v embedded gcc/bin/../lib/gcc/riscv-none-embed/8.2.0/rv32imac/ilp32\libgcc.a
LOAD d:/mounriver/mounriver_studio/toolchain/risc-v embedded gcc/bin/../lib/gcc/riscv-none-embed/8.2.0/../../../../riscv-none-embed/lib/rv32imac/ilp32\libg_nano.a
LOAD d:/mounriver/mounriver_studio/toolchain/risc-v embedded gcc/bin/../lib/gcc/riscv-none-embed/8.2.0/../../../../riscv-none-embed/lib/rv32imac/ilp32\libc_nano.a
LOAD d:/mounriver/mounriver_studio/toolchain/risc-v embedded gcc/bin/../lib/gcc/riscv-none-embed/8.2.0/rv32imac/ilp32\libgcc.a
START GROUP
LOAD d:/mounriver/mounriver_studio/toolchain/risc-v embedded gcc/bin/../lib/gcc/riscv-none-embed/8.2.0/rv32imac/ilp32\libgcc.a
LOAD d:/mounriver/mounriver_studio/toolchain/risc-v embedded gcc/bin/../lib/gcc/riscv-none-embed/8.2.0/../../../../riscv-none-embed/lib/rv32imac/ilp32\libc_nano.a
LOAD d:/mounriver/mounriver_studio/toolchain/risc-v embedded gcc/bin/../lib/gcc/riscv-none-embed/8.2.0/../../../../riscv-none-embed/lib/rv32imac/ilp32\libnosys.a
END GROUP
START GROUP
LOAD d:/mounriver/mounriver_studio/toolchain/risc-v embedded gcc/bin/../lib/gcc/riscv-none-embed/8.2.0/rv32imac/ilp32\libgcc.a
LOAD d:/mounriver/mounriver_studio/toolchain/risc-v embedded gcc/bin/../lib/gcc/riscv-none-embed/8.2.0/../../../../riscv-none-embed/lib/rv32imac/ilp32\libc_nano.a
LOAD d:/mounriver/mounriver_studio/toolchain/risc-v embedded gcc/bin/../lib/gcc/riscv-none-embed/8.2.0/../../../../riscv-none-embed/lib/rv32imac/ilp32\libnosys.a
END GROUP

.init           0x0000000000000000        0x4
                0x0000000000000000                _sinit = .
                0x0000000000000000                . = ALIGN (0x4)
 *(SORT_NONE(.init))
 .init          0x0000000000000000        0x4 ./ch58x_drivers/Startup/startup_CH583.o
                0x0000000000000000                _start
                0x0000000000000004                . = ALIGN (0x4)
                0x0000000000000004                _einit = .

.highcodelalign
                0x0000000000000004        0x0
                0x0000000000000004                . = ALIGN (0x4)
                0x0000000000000004                PROVIDE (_highcode_lma = .)

.highcode       0x0000000020000000      0xac4 load address 0x0000000000000004
                0x0000000020000000                . = ALIGN (0x4)
                0x0000000020000000                PROVIDE (_highcode_vma_start = .)
 *(.vector)
 .vector        0x0000000020000000       0x90 ./ch58x_drivers/Startup/startup_CH583.o
 *(SORT_NONE(.vector_handler))
 .vector_handler
                0x0000000020000090       0x36 ./ch58x_drivers/Startup/startup_CH583.o
                0x0000000020000090                NMI_Handler
                0x0000000020000094                Ecall_M_Mode_Handler
                0x0000000020000096                Ecall_U_Mode_Handler
                0x0000000020000098                Break_Point_Handler
                0x000000002000009a                SysTick_Handler
                0x000000002000009c                SW_Handler
                0x000000002000009e                TMR0_IRQHandler
                0x00000000200000a0                GPIOA_IRQHandler
                0x00000000200000a2                GPIOB_IRQHandler
                0x00000000200000a4                SPI0_IRQHandler
                0x00000000200000a6                BB_IRQHandler
                0x00000000200000a8                LLE_IRQHandler
                0x00000000200000ac                USB2_IRQHandler
                0x00000000200000ae                TMR1_IRQHandler
                0x00000000200000b0                TMR2_IRQHandler
                0x00000000200000b2                UART0_IRQHandler
                0x00000000200000b4                UART1_IRQHandler
                0x00000000200000b6                RTC_IRQHandler
                0x00000000200000b8                ADC_IRQHandler
                0x00000000200000ba                I2C_IRQHandler
                0x00000000200000bc                PWMX_IRQHandler
                0x00000000200000be                TMR3_IRQHandler
                0x00000000200000c0                UART2_IRQHandler
                0x00000000200000c2                UART3_IRQHandler
                0x00000000200000c4                WDOG_BAT_IRQHandler
 *(.highcode)
 .highcode      0x00000000200000c6      0x22c ./ch58x_drivers/StdPeriphDriver/CH58x_sys.o
                0x00000000200000c6                SetSysClock
                0x000000002000023a                SYS_ResetExecute
                0x0000000020000276                HardFault_Handler
                0x00000000200002bc                mDelayuS
                0x00000000200002ca                mDelaymS
 .highcode      0x00000000200002f2      0x3ac ./CherryUSB/port/ch32/usb_ch58x_dc_usbfs.o
                0x00000000200002f2                USB_IRQHandler
 .highcode      0x000000002000069e      0x426 E:\Project\PlumBL\drv\ch58x_drivers\StdPeriphDriver\libISP583.a(ISP583.o)
                0x000000002000069e                FLASH_ROM_BEG
                0x00000000200006b0                FLASH_ROM_END
                0x00000000200006be                FLASH_ROM_IN
                0x00000000200006cc                FLASH_ROM_OUT
                0x00000000200006da                FLASH_ROM_ADDR
                0x0000000020000722                FLASH_ROM_WAIT
                0x000000002000075a                FLASH_EEPROM_CMD
 *(.highcode.*)
                0x0000000020000ac4                . = ALIGN (0x4)
                0x0000000020000ac4                PROVIDE (_highcode_vma_end = .)

.text           0x0000000000000ac8     0x377c
                0x0000000000000ac8                . = ALIGN (0x4)
 *(SORT_NONE(.handle_reset))
 .handle_reset  0x0000000000000ac8       0xb6 ./ch58x_drivers/Startup/startup_CH583.o
                0x0000000000000ac8                handle_reset
 *(.text)
 .text          0x0000000000000b7e       0xa8 d:/mounriver/mounriver_studio/toolchain/risc-v embedded gcc/bin/../lib/gcc/riscv-none-embed/8.2.0/../../../../riscv-none-embed/lib/rv32imac/ilp32\libg_nano.a(lib_a-memset.o)
                0x0000000000000b7e                memset
 *(.text.*)
 .text.uf2_init
                0x0000000000000c26       0x58 ./src/port/common/uf2/ghostfat.o
                0x0000000000000c26                uf2_init
 .text.padded_memcpy
                0x0000000000000c7e       0x22 ./src/port/common/uf2/ghostfat.o
                0x0000000000000c7e                padded_memcpy
 .text.uf2_read_block
                0x0000000000000ca0      0x2bc ./src/port/common/uf2/ghostfat.o
                0x0000000000000ca0                uf2_read_block
 .text.uf2_write_block
                0x0000000000000f5c       0xc8 ./src/port/common/uf2/ghostfat.o
                0x0000000000000f5c                uf2_write_block
 .text.usbd_configure_done_callback
                0x0000000000001024        0x2 ./src/port/common/uf2/msc_flash.o
                0x0000000000001024                usbd_configure_done_callback
 .text.usbd_msc_get_cap
                0x0000000000001026       0x10 ./src/port/common/uf2/msc_flash.o
                0x0000000000001026                usbd_msc_get_cap
 .text.usbd_msc_sector_read
                0x0000000000001036       0x1a ./src/port/common/uf2/msc_flash.o
                0x0000000000001036                usbd_msc_sector_read
 .text.usbd_msc_sector_write
                0x0000000000001050       0x78 ./src/port/common/uf2/msc_flash.o
                0x0000000000001050                usbd_msc_sector_write
 .text.msc_flash_init
                0x00000000000010c8       0x2e ./src/port/common/uf2/msc_flash.o
                0x00000000000010c8                msc_flash_init
 .text.lgk_boot_port_intf_init
                0x00000000000010f6        0xc ./src/port/common/uf2/port_uf2.o
                0x00000000000010f6                lgk_boot_port_intf_init
 .text.board_flash_size
                0x0000000000001102        0x6 ./src/port/common/uf2/port_uf2.o
                0x0000000000001102                board_flash_size
 .text.board_flash_read
                0x0000000000001108        0x2 ./src/port/common/uf2/port_uf2.o
                0x0000000000001108                board_flash_read
 .text.board_flash_write
                0x000000000000110a       0x40 ./src/port/common/uf2/port_uf2.o
                0x000000000000110a                board_flash_write
 .text.board_flash_flush
                0x000000000000114a        0x2 ./src/port/common/uf2/port_uf2.o
                0x000000000000114a                board_flash_flush
 .text.lgk_boot_flash_write
                0x000000000000114c       0x10 ./src/port/ch58x/port_common.o
                0x000000000000114c                lgk_boot_flash_write
 .text.lgk_boot_flash_read
                0x000000000000115c        0x2 ./src/port/ch58x/port_common.o
                0x000000000000115c                lgk_boot_flash_read
 .text.lgk_boot_intf_init
                0x000000000000115e        0x2 ./src/port/ch58x/port_common.o
                0x000000000000115e                lgk_boot_intf_init
 .text.lgk_boot_sys_init
                0x0000000000001160        0xc ./src/port/ch58x/port_common.o
                0x0000000000001160                lgk_boot_sys_init
 .text.usb_dc_low_level_init
                0x000000000000116c       0x22 ./src/port/ch58x/port_common.o
                0x000000000000116c                usb_dc_low_level_init
 .text.FLASH_ROM_READ
                0x000000000000118e       0x1c ./ch58x_drivers/StdPeriphDriver/CH58x_flash.o
                0x000000000000118e                FLASH_ROM_READ
 .text._write   0x00000000000011aa       0x28 ./ch58x_drivers/StdPeriphDriver/CH58x_sys.o
                0x00000000000011aa                _write
 .text.startup.main
                0x00000000000011d2       0x16 ./ch58x/main.o
                0x00000000000011d2                main
 .text.usbd_set_address
                0x00000000000011e8       0x1e ./CherryUSB/port/ch32/usb_ch58x_dc_usbfs.o
                0x00000000000011e8                usbd_set_address
 .text.usbd_ep_open
                0x0000000000001206       0x94 ./CherryUSB/port/ch32/usb_ch58x_dc_usbfs.o
                0x0000000000001206                usbd_ep_open
 .text.usbd_ep_close
                0x000000000000129a       0x2a ./CherryUSB/port/ch32/usb_ch58x_dc_usbfs.o
                0x000000000000129a                usbd_ep_close
 .text.usbd_ep_start_write
                0x00000000000012c4       0xc6 ./CherryUSB/port/ch32/usb_ch58x_dc_usbfs.o
                0x00000000000012c4                usbd_ep_start_write
 .text.usbd_ep_start_read
                0x000000000000138a       0x7c ./CherryUSB/port/ch32/usb_ch58x_dc_usbfs.o
                0x000000000000138a                usbd_ep_start_read
 .text.usbd_ep_set_stall
                0x0000000000001406       0x3e ./CherryUSB/port/ch32/usb_ch58x_dc_usbfs.o
                0x0000000000001406                usbd_ep_set_stall
 .text.usbd_ep_clear_stall
                0x0000000000001444       0x42 ./CherryUSB/port/ch32/usb_ch58x_dc_usbfs.o
                0x0000000000001444                usbd_ep_clear_stall
 .text.usb_dc_init
                0x0000000000001486       0xf8 ./CherryUSB/port/ch32/usb_ch58x_dc_usbfs.o
                0x0000000000001486                usb_dc_init
 .text.usbd_class_event_notify_handler
                0x000000000000157e       0x34 ./CherryUSB/core/usbd_core.o
 .text.usbd_set_endpoint
                0x00000000000015b2       0x68 ./CherryUSB/core/usbd_core.o
 .text.usbd_event_ep0_in_complete_handler
                0x000000000000161a       0x44 ./CherryUSB/core/usbd_core.o
                0x000000000000161a                usbd_event_ep0_in_complete_handler
 .text.usbd_print_setup.constprop.12
                0x000000000000165e       0x44 ./CherryUSB/core/usbd_core.o
 .text.usbd_setup_request_handler.constprop.3
                0x00000000000016a2      0x626 ./CherryUSB/core/usbd_core.o
 .text.usbd_event_ep0_out_complete_handler
                0x0000000000001cc8       0x50 ./CherryUSB/core/usbd_core.o
                0x0000000000001cc8                usbd_event_ep0_out_complete_handler
 .text.usbd_event_reset_handler
                0x0000000000001d18       0x36 ./CherryUSB/core/usbd_core.o
                0x0000000000001d18                usbd_event_reset_handler
 .text.usbd_event_ep0_setup_complete_handler
                0x0000000000001d4e       0xf6 ./CherryUSB/core/usbd_core.o
                0x0000000000001d4e                usbd_event_ep0_setup_complete_handler
 .text.usbd_event_ep_in_complete_handler
                0x0000000000001e44       0x20 ./CherryUSB/core/usbd_core.o
                0x0000000000001e44                usbd_event_ep_in_complete_handler
 .text.usbd_event_ep_out_complete_handler
                0x0000000000001e64       0x20 ./CherryUSB/core/usbd_core.o
                0x0000000000001e64                usbd_event_ep_out_complete_handler
 .text.usbd_desc_register
                0x0000000000001e84       0x3c ./CherryUSB/core/usbd_core.o
                0x0000000000001e84                usbd_desc_register
 .text.usbd_add_interface
                0x0000000000001ec0       0x26 ./CherryUSB/core/usbd_core.o
                0x0000000000001ec0                usbd_add_interface
 .text.usbd_add_endpoint
                0x0000000000001ee6       0x3c ./CherryUSB/core/usbd_core.o
                0x0000000000001ee6                usbd_add_endpoint
 .text.usb_device_is_configured
                0x0000000000001f22        0x6 ./CherryUSB/core/usbd_core.o
                0x0000000000001f22                usb_device_is_configured
 .text.usbd_initialize
                0x0000000000001f28        0x4 ./CherryUSB/core/usbd_core.o
                0x0000000000001f28                usbd_initialize
 .text.SCSI_SetSenseData
                0x0000000000001f2c       0x1c ./CherryUSB/class/msc/usbd_msc.o
 .text.SCSI_processRead
                0x0000000000001f48       0xa6 ./CherryUSB/class/msc/usbd_msc.o
 .text.usbd_msc_send_csw
                0x0000000000001fee       0x30 ./CherryUSB/class/msc/usbd_msc.o
 .text.msc_storage_class_interface_request_handler
                0x000000000000201e       0x76 ./CherryUSB/class/msc/usbd_msc.o
 .text.mass_storage_bulk_in
                0x0000000000002094       0x6e ./CherryUSB/class/msc/usbd_msc.o
                0x0000000000002094                mass_storage_bulk_in
 .text.msc_storage_notify_handler
                0x0000000000002102       0x36 ./CherryUSB/class/msc/usbd_msc.o
                0x0000000000002102                msc_storage_notify_handler
 .text.mass_storage_bulk_out
                0x0000000000002138      0x6a6 ./CherryUSB/class/msc/usbd_msc.o
                0x0000000000002138                mass_storage_bulk_out
 .text.usbd_msc_init_intf
                0x00000000000027de       0xd0 ./CherryUSB/class/msc/usbd_msc.o
                0x00000000000027de                usbd_msc_init_intf
 .text.memcmp   0x00000000000028ae       0x26 d:/mounriver/mounriver_studio/toolchain/risc-v embedded gcc/bin/../lib/gcc/riscv-none-embed/8.2.0/../../../../riscv-none-embed/lib/rv32imac/ilp32\libg_nano.a(lib_a-memcmp.o)
                0x00000000000028ae                memcmp
 .text.memcpy   0x00000000000028d4       0xb6 d:/mounriver/mounriver_studio/toolchain/risc-v embedded gcc/bin/../lib/gcc/riscv-none-embed/8.2.0/../../../../riscv-none-embed/lib/rv32imac/ilp32\libg_nano.a(lib_a-memcpy.o)
                0x00000000000028d4                memcpy
 .text.printf   0x000000000000298a       0x44 d:/mounriver/mounriver_studio/toolchain/risc-v embedded gcc/bin/../lib/gcc/riscv-none-embed/8.2.0/../../../../riscv-none-embed/lib/rv32imac/ilp32\libg_nano.a(lib_a-printf.o)
                0x000000000000298a                iprintf
                0x000000000000298a                printf
 .text._puts_r  0x00000000000029ce       0xda d:/mounriver/mounriver_studio/toolchain/risc-v embedded gcc/bin/../lib/gcc/riscv-none-embed/8.2.0/../../../../riscv-none-embed/lib/rv32imac/ilp32\libg_nano.a(lib_a-puts.o)
                0x00000000000029ce                _puts_r
 .text.puts     0x0000000000002aa8        0xe d:/mounriver/mounriver_studio/toolchain/risc-v embedded gcc/bin/../lib/gcc/riscv-none-embed/8.2.0/../../../../riscv-none-embed/lib/rv32imac/ilp32\libg_nano.a(lib_a-puts.o)
                0x0000000000002aa8                puts
 .text.__swbuf_r
                0x0000000000002ab6       0xc0 d:/mounriver/mounriver_studio/toolchain/risc-v embedded gcc/bin/../lib/gcc/riscv-none-embed/8.2.0/../../../../riscv-none-embed/lib/rv32imac/ilp32\libg_nano.a(lib_a-wbuf.o)
                0x0000000000002ab6                __swbuf_r
 .text.__swsetup_r
                0x0000000000002b76      0x110 d:/mounriver/mounriver_studio/toolchain/risc-v embedded gcc/bin/../lib/gcc/riscv-none-embed/8.2.0/../../../../riscv-none-embed/lib/rv32imac/ilp32\libg_nano.a(lib_a-wsetup.o)
                0x0000000000002b76                __swsetup_r
 .text.__sflush_r
                0x0000000000002c86      0x13c d:/mounriver/mounriver_studio/toolchain/risc-v embedded gcc/bin/../lib/gcc/riscv-none-embed/8.2.0/../../../../riscv-none-embed/lib/rv32imac/ilp32\libg_nano.a(lib_a-fflush.o)
                0x0000000000002c86                __sflush_r
 .text._fflush_r
                0x0000000000002dc2       0x64 d:/mounriver/mounriver_studio/toolchain/risc-v embedded gcc/bin/../lib/gcc/riscv-none-embed/8.2.0/../../../../riscv-none-embed/lib/rv32imac/ilp32\libg_nano.a(lib_a-fflush.o)
                0x0000000000002dc2                _fflush_r
 .text.std      0x0000000000002e26       0x6a d:/mounriver/mounriver_studio/toolchain/risc-v embedded gcc/bin/../lib/gcc/riscv-none-embed/8.2.0/../../../../riscv-none-embed/lib/rv32imac/ilp32\libg_nano.a(lib_a-findfp.o)
 .text._cleanup_r
                0x0000000000002e90        0xa d:/mounriver/mounriver_studio/toolchain/risc-v embedded gcc/bin/../lib/gcc/riscv-none-embed/8.2.0/../../../../riscv-none-embed/lib/rv32imac/ilp32\libg_nano.a(lib_a-findfp.o)
                0x0000000000002e90                _cleanup_r
 .text.__sfmoreglue
                0x0000000000002e9a       0x46 d:/mounriver/mounriver_studio/toolchain/risc-v embedded gcc/bin/../lib/gcc/riscv-none-embed/8.2.0/../../../../riscv-none-embed/lib/rv32imac/ilp32\libg_nano.a(lib_a-findfp.o)
                0x0000000000002e9a                __sfmoreglue
 .text.__sinit  0x0000000000002ee0       0x6a d:/mounriver/mounriver_studio/toolchain/risc-v embedded gcc/bin/../lib/gcc/riscv-none-embed/8.2.0/../../../../riscv-none-embed/lib/rv32imac/ilp32\libg_nano.a(lib_a-findfp.o)
                0x0000000000002ee0                __sinit
 .text.__sfp    0x0000000000002f4a       0xa0 d:/mounriver/mounriver_studio/toolchain/risc-v embedded gcc/bin/../lib/gcc/riscv-none-embed/8.2.0/../../../../riscv-none-embed/lib/rv32imac/ilp32\libg_nano.a(lib_a-findfp.o)
                0x0000000000002f4a                __sfp
 .text._fwalk_reent
                0x0000000000002fea       0x6c d:/mounriver/mounriver_studio/toolchain/risc-v embedded gcc/bin/../lib/gcc/riscv-none-embed/8.2.0/../../../../riscv-none-embed/lib/rv32imac/ilp32\libg_nano.a(lib_a-fwalk.o)
                0x0000000000002fea                _fwalk_reent
 .text.__swhatbuf_r
                0x0000000000003056       0x5a d:/mounriver/mounriver_studio/toolchain/risc-v embedded gcc/bin/../lib/gcc/riscv-none-embed/8.2.0/../../../../riscv-none-embed/lib/rv32imac/ilp32\libg_nano.a(lib_a-makebuf.o)
                0x0000000000003056                __swhatbuf_r
 .text.__smakebuf_r
                0x00000000000030b0       0x9e d:/mounriver/mounriver_studio/toolchain/risc-v embedded gcc/bin/../lib/gcc/riscv-none-embed/8.2.0/../../../../riscv-none-embed/lib/rv32imac/ilp32\libg_nano.a(lib_a-makebuf.o)
                0x00000000000030b0                __smakebuf_r
 .text._free_r  0x000000000000314e       0xb0 d:/mounriver/mounriver_studio/toolchain/risc-v embedded gcc/bin/../lib/gcc/riscv-none-embed/8.2.0/../../../../riscv-none-embed/lib/rv32imac/ilp32\libg_nano.a(lib_a-nano-freer.o)
                0x000000000000314e                _free_r
 .text._malloc_r
                0x00000000000031fe       0xe4 d:/mounriver/mounriver_studio/toolchain/risc-v embedded gcc/bin/../lib/gcc/riscv-none-embed/8.2.0/../../../../riscv-none-embed/lib/rv32imac/ilp32\libg_nano.a(lib_a-nano-mallocr.o)
                0x00000000000031fe                _malloc_r
 .text.__sfputc_r
                0x00000000000032e2       0x2a d:/mounriver/mounriver_studio/toolchain/risc-v embedded gcc/bin/../lib/gcc/riscv-none-embed/8.2.0/../../../../riscv-none-embed/lib/rv32imac/ilp32\libg_nano.a(lib_a-nano-vfprintf.o)
 .text.__sfputs_r
                0x000000000000330c       0x42 d:/mounriver/mounriver_studio/toolchain/risc-v embedded gcc/bin/../lib/gcc/riscv-none-embed/8.2.0/../../../../riscv-none-embed/lib/rv32imac/ilp32\libg_nano.a(lib_a-nano-vfprintf.o)
                0x000000000000330c                __sfputs_r
 .text._vfprintf_r
                0x000000000000334e      0x29a d:/mounriver/mounriver_studio/toolchain/risc-v embedded gcc/bin/../lib/gcc/riscv-none-embed/8.2.0/../../../../riscv-none-embed/lib/rv32imac/ilp32\libg_nano.a(lib_a-nano-vfprintf.o)
                0x000000000000334e                _vfprintf_r
                0x000000000000334e                _vfiprintf_r
 .text._printf_common
                0x00000000000035e8      0x10c d:/mounriver/mounriver_studio/toolchain/risc-v embedded gcc/bin/../lib/gcc/riscv-none-embed/8.2.0/../../../../riscv-none-embed/lib/rv32imac/ilp32\libg_nano.a(lib_a-nano-vfprintf_i.o)
                0x00000000000035e8                _printf_common
 .text._printf_i
                0x00000000000036f4      0x2a8 d:/mounriver/mounriver_studio/toolchain/risc-v embedded gcc/bin/../lib/gcc/riscv-none-embed/8.2.0/../../../../riscv-none-embed/lib/rv32imac/ilp32\libg_nano.a(lib_a-nano-vfprintf_i.o)
                0x00000000000036f4                _printf_i
 .text._sbrk_r  0x000000000000399c       0x30 d:/mounriver/mounriver_studio/toolchain/risc-v embedded gcc/bin/../lib/gcc/riscv-none-embed/8.2.0/../../../../riscv-none-embed/lib/rv32imac/ilp32\libg_nano.a(lib_a-sbrkr.o)
                0x000000000000399c                _sbrk_r
 .text.__sread  0x00000000000039cc       0x30 d:/mounriver/mounriver_studio/toolchain/risc-v embedded gcc/bin/../lib/gcc/riscv-none-embed/8.2.0/../../../../riscv-none-embed/lib/rv32imac/ilp32\libg_nano.a(lib_a-stdio.o)
                0x00000000000039cc                __sread
 .text.__swrite
                0x00000000000039fc       0x4e d:/mounriver/mounriver_studio/toolchain/risc-v embedded gcc/bin/../lib/gcc/riscv-none-embed/8.2.0/../../../../riscv-none-embed/lib/rv32imac/ilp32\libg_nano.a(lib_a-stdio.o)
                0x00000000000039fc                __swrite
 .text.__sseek  0x0000000000003a4a       0x36 d:/mounriver/mounriver_studio/toolchain/risc-v embedded gcc/bin/../lib/gcc/riscv-none-embed/8.2.0/../../../../riscv-none-embed/lib/rv32imac/ilp32\libg_nano.a(lib_a-stdio.o)
                0x0000000000003a4a                __sseek
 .text.__sclose
                0x0000000000003a80        0x6 d:/mounriver/mounriver_studio/toolchain/risc-v embedded gcc/bin/../lib/gcc/riscv-none-embed/8.2.0/../../../../riscv-none-embed/lib/rv32imac/ilp32\libg_nano.a(lib_a-stdio.o)
                0x0000000000003a80                __sclose
 .text._write_r
                0x0000000000003a86       0x36 d:/mounriver/mounriver_studio/toolchain/risc-v embedded gcc/bin/../lib/gcc/riscv-none-embed/8.2.0/../../../../riscv-none-embed/lib/rv32imac/ilp32\libg_nano.a(lib_a-writer.o)
                0x0000000000003a86                _write_r
 .text._close_r
                0x0000000000003abc       0x30 d:/mounriver/mounriver_studio/toolchain/risc-v embedded gcc/bin/../lib/gcc/riscv-none-embed/8.2.0/../../../../riscv-none-embed/lib/rv32imac/ilp32\libg_nano.a(lib_a-closer.o)
                0x0000000000003abc                _close_r
 .text._fstat_r
                0x0000000000003aec       0x32 d:/mounriver/mounriver_studio/toolchain/risc-v embedded gcc/bin/../lib/gcc/riscv-none-embed/8.2.0/../../../../riscv-none-embed/lib/rv32imac/ilp32\libg_nano.a(lib_a-fstatr.o)
                0x0000000000003aec                _fstat_r
 .text._isatty_r
                0x0000000000003b1e       0x30 d:/mounriver/mounriver_studio/toolchain/risc-v embedded gcc/bin/../lib/gcc/riscv-none-embed/8.2.0/../../../../riscv-none-embed/lib/rv32imac/ilp32\libg_nano.a(lib_a-isattyr.o)
                0x0000000000003b1e                _isatty_r
 .text._lseek_r
                0x0000000000003b4e       0x34 d:/mounriver/mounriver_studio/toolchain/risc-v embedded gcc/bin/../lib/gcc/riscv-none-embed/8.2.0/../../../../riscv-none-embed/lib/rv32imac/ilp32\libg_nano.a(lib_a-lseekr.o)
                0x0000000000003b4e                _lseek_r
 .text.memchr   0x0000000000003b82       0x1a d:/mounriver/mounriver_studio/toolchain/risc-v embedded gcc/bin/../lib/gcc/riscv-none-embed/8.2.0/../../../../riscv-none-embed/lib/rv32imac/ilp32\libg_nano.a(lib_a-memchr.o)
                0x0000000000003b82                memchr
 .text.__malloc_lock
                0x0000000000003b9c        0x2 d:/mounriver/mounriver_studio/toolchain/risc-v embedded gcc/bin/../lib/gcc/riscv-none-embed/8.2.0/../../../../riscv-none-embed/lib/rv32imac/ilp32\libg_nano.a(lib_a-mlock.o)
                0x0000000000003b9c                __malloc_lock
 .text.__malloc_unlock
                0x0000000000003b9e        0x2 d:/mounriver/mounriver_studio/toolchain/risc-v embedded gcc/bin/../lib/gcc/riscv-none-embed/8.2.0/../../../../riscv-none-embed/lib/rv32imac/ilp32\libg_nano.a(lib_a-mlock.o)
                0x0000000000003b9e                __malloc_unlock
 .text._read_r  0x0000000000003ba0       0x34 d:/mounriver/mounriver_studio/toolchain/risc-v embedded gcc/bin/../lib/gcc/riscv-none-embed/8.2.0/../../../../riscv-none-embed/lib/rv32imac/ilp32\libg_nano.a(lib_a-readr.o)
                0x0000000000003ba0                _read_r
 .text._close   0x0000000000003bd4       0x10 d:/mounriver/mounriver_studio/toolchain/risc-v embedded gcc/bin/../lib/gcc/riscv-none-embed/8.2.0/../../../../riscv-none-embed/lib/rv32imac/ilp32\libnosys.a(close.o)
                0x0000000000003bd4                _close
 .text._fstat   0x0000000000003be4       0x10 d:/mounriver/mounriver_studio/toolchain/risc-v embedded gcc/bin/../lib/gcc/riscv-none-embed/8.2.0/../../../../riscv-none-embed/lib/rv32imac/ilp32\libnosys.a(fstat.o)
                0x0000000000003be4                _fstat
 .text._isatty  0x0000000000003bf4       0x10 d:/mounriver/mounriver_studio/toolchain/risc-v embedded gcc/bin/../lib/gcc/riscv-none-embed/8.2.0/../../../../riscv-none-embed/lib/rv32imac/ilp32\libnosys.a(isatty.o)
                0x0000000000003bf4                _isatty
 .text._lseek   0x0000000000003c04       0x10 d:/mounriver/mounriver_studio/toolchain/risc-v embedded gcc/bin/../lib/gcc/riscv-none-embed/8.2.0/../../../../riscv-none-embed/lib/rv32imac/ilp32\libnosys.a(lseek.o)
                0x0000000000003c04                _lseek
 .text._read    0x0000000000003c14       0x10 d:/mounriver/mounriver_studio/toolchain/risc-v embedded gcc/bin/../lib/gcc/riscv-none-embed/8.2.0/../../../../riscv-none-embed/lib/rv32imac/ilp32\libnosys.a(read.o)
                0x0000000000003c14                _read
 .text._sbrk    0x0000000000003c24       0x30 d:/mounriver/mounriver_studio/toolchain/risc-v embedded gcc/bin/../lib/gcc/riscv-none-embed/8.2.0/../../../../riscv-none-embed/lib/rv32imac/ilp32\libnosys.a(sbrk.o)
                0x0000000000003c24                _sbrk
 *(.rodata)
 .rodata        0x0000000000003c54       0x24 ./CherryUSB/class/msc/usbd_msc.o
 *(.rodata*)
 .rodata.BootBlock
                0x0000000000003c78       0x3e ./src/port/common/uf2/ghostfat.o
 *fill*         0x0000000000003cb6        0x2 
 .rodata.indexFile
                0x0000000000003cb8       0x6e ./src/port/common/uf2/ghostfat.o
                0x0000000000003cb8                indexFile
 *fill*         0x0000000000003d26        0x2 
 .rodata.infoUf2File
                0x0000000000003d28       0x7a ./src/port/common/uf2/ghostfat.o
                0x0000000000003d28                infoUf2File
 *fill*         0x0000000000003da2        0x2 
 .rodata.msc_flash_descriptor
                0x0000000000003da4       0x87 ./src/port/common/uf2/msc_flash.o
                0x0000000000003da4                msc_flash_descriptor
 *fill*         0x0000000000003e2b        0x1 
 .rodata.usbd_ep_open.str1.4
                0x0000000000003e2c       0x2d ./CherryUSB/port/ch32/usb_ch58x_dc_usbfs.o
 *fill*         0x0000000000003e59        0x3 
 .rodata.usbd_setup_request_handler.constprop.3
                0x0000000000003e5c       0x28 ./CherryUSB/core/usbd_core.o
 .rodata.usbd_event_ep0_setup_complete_handler.str1.4
                0x0000000000003e84       0x1a ./CherryUSB/core/usbd_core.o
 *fill*         0x0000000000003e9e        0x2 
 .rodata.usbd_print_setup.constprop.12.str1.4
                0x0000000000003ea0       0x5d ./CherryUSB/core/usbd_core.o
 *fill*         0x0000000000003efd        0x3 
 .rodata.usbd_set_endpoint.str1.4
                0x0000000000003f00       0x30 ./CherryUSB/core/usbd_core.o
                                         0x35 (size before relaxing)
 .rodata.usbd_setup_request_handler.constprop.3.str1.4
                0x0000000000003f30      0x19b ./CherryUSB/core/usbd_core.o
                                        0x1ab (size before relaxing)
 *fill*         0x00000000000040cb        0x1 
 .rodata.mass_storage_bulk_out.str1.4
                0x00000000000040cc       0x94 ./CherryUSB/class/msc/usbd_msc.o
                                         0xa4 (size before relaxing)
 .rodata.msc_storage_class_interface_request_handler.str1.4
                0x0000000000004160       0x26 ./CherryUSB/class/msc/usbd_msc.o
                                         0x3d (size before relaxing)
 *fill*         0x0000000000004186        0x2 
 .rodata.usbd_msc_init_intf.str1.4
                0x0000000000004188       0x1b ./CherryUSB/class/msc/usbd_msc.o
 *fill*         0x00000000000041a3        0x1 
 .rodata.__sf_fake_stderr
                0x00000000000041a4       0x20 d:/mounriver/mounriver_studio/toolchain/risc-v embedded gcc/bin/../lib/gcc/riscv-none-embed/8.2.0/../../../../riscv-none-embed/lib/rv32imac/ilp32\libg_nano.a(lib_a-findfp.o)
                0x00000000000041a4                __sf_fake_stderr
 .rodata.__sf_fake_stdin
                0x00000000000041c4       0x20 d:/mounriver/mounriver_studio/toolchain/risc-v embedded gcc/bin/../lib/gcc/riscv-none-embed/8.2.0/../../../../riscv-none-embed/lib/rv32imac/ilp32\libg_nano.a(lib_a-findfp.o)
                0x00000000000041c4                __sf_fake_stdin
 .rodata.__sf_fake_stdout
                0x00000000000041e4       0x20 d:/mounriver/mounriver_studio/toolchain/risc-v embedded gcc/bin/../lib/gcc/riscv-none-embed/8.2.0/../../../../riscv-none-embed/lib/rv32imac/ilp32\libg_nano.a(lib_a-findfp.o)
                0x00000000000041e4                __sf_fake_stdout
 .rodata._vfprintf_r.str1.4
                0x0000000000004204       0x13 d:/mounriver/mounriver_studio/toolchain/risc-v embedded gcc/bin/../lib/gcc/riscv-none-embed/8.2.0/../../../../riscv-none-embed/lib/rv32imac/ilp32\libg_nano.a(lib_a-nano-vfprintf.o)
 *fill*         0x0000000000004217        0x1 
 .rodata._printf_i.str1.4
                0x0000000000004218       0x28 d:/mounriver/mounriver_studio/toolchain/risc-v embedded gcc/bin/../lib/gcc/riscv-none-embed/8.2.0/../../../../riscv-none-embed/lib/rv32imac/ilp32\libg_nano.a(lib_a-nano-vfprintf_i.o)
                                         0x25 (size before relaxing)
 *(.sdata2.*)
 .sdata2._global_impure_ptr
                0x0000000000004240        0x4 d:/mounriver/mounriver_studio/toolchain/risc-v embedded gcc/bin/../lib/gcc/riscv-none-embed/8.2.0/../../../../riscv-none-embed/lib/rv32imac/ilp32\libg_nano.a(lib_a-impure.o)
                0x0000000000004240                _global_impure_ptr
 *(.glue_7)
 *(.glue_7t)
 *(.gnu.linkonce.t.*)
                0x0000000000004244                . = ALIGN (0x4)

.rela.dyn       0x0000000000004244        0x0
 .rela.init     0x0000000000004244        0x0 ./src/port/common/uf2/ghostfat.o
 .rela.vector   0x0000000000004244        0x0 ./src/port/common/uf2/ghostfat.o
 .rela.handle_reset
                0x0000000000004244        0x0 ./src/port/common/uf2/ghostfat.o
 .rela.text._vfprintf_r
                0x0000000000004244        0x0 ./src/port/common/uf2/ghostfat.o
 .rela.text._sbrk_r
                0x0000000000004244        0x0 ./src/port/common/uf2/ghostfat.o
 .rela.text._write_r
                0x0000000000004244        0x0 ./src/port/common/uf2/ghostfat.o
 .rela.text._close_r
                0x0000000000004244        0x0 ./src/port/common/uf2/ghostfat.o
 .rela.text._fstat_r
                0x0000000000004244        0x0 ./src/port/common/uf2/ghostfat.o
 .rela.text._isatty_r
                0x0000000000004244        0x0 ./src/port/common/uf2/ghostfat.o
 .rela.text._lseek_r
                0x0000000000004244        0x0 ./src/port/common/uf2/ghostfat.o
 .rela.text._read_r
                0x0000000000004244        0x0 ./src/port/common/uf2/ghostfat.o
 .rela.text._close
                0x0000000000004244        0x0 ./src/port/common/uf2/ghostfat.o
 .rela.text._fstat
                0x0000000000004244        0x0 ./src/port/common/uf2/ghostfat.o
 .rela.text._isatty
                0x0000000000004244        0x0 ./src/port/common/uf2/ghostfat.o
 .rela.text._lseek
                0x0000000000004244        0x0 ./src/port/common/uf2/ghostfat.o
 .rela.text._read
                0x0000000000004244        0x0 ./src/port/common/uf2/ghostfat.o
 .rela.text._sbrk
                0x0000000000004244        0x0 ./src/port/common/uf2/ghostfat.o

.fini           0x0000000000004244        0x0
 *(SORT_NONE(.fini))
                0x0000000000004244                . = ALIGN (0x4)
                [!provide]                        PROVIDE (_etext = .)
                [!provide]                        PROVIDE (_eitcm = .)

.preinit_array  0x0000000000004244        0x0
                [!provide]                        PROVIDE (__preinit_array_start = .)
 *(.preinit_array)
                [!provide]                        PROVIDE (__preinit_array_end = .)

.init_array     0x0000000000004244        0x0
                [!provide]                        PROVIDE (__init_array_start = .)
 *(SORT_BY_INIT_PRIORITY(.init_array.*) SORT_BY_INIT_PRIORITY(.ctors.*))
 *(.init_array EXCLUDE_FILE(*crtend?.o *crtend.o *crtbegin?.o *crtbegin.o) .ctors)
                [!provide]                        PROVIDE (__init_array_end = .)

.fini_array     0x0000000000004244        0x0
                [!provide]                        PROVIDE (__fini_array_start = .)
 *(SORT_BY_INIT_PRIORITY(.fini_array.*) SORT_BY_INIT_PRIORITY(.dtors.*))
 *(.fini_array EXCLUDE_FILE(*crtend?.o *crtend.o *crtbegin?.o *crtbegin.o) .dtors)
                [!provide]                        PROVIDE (__fini_array_end = .)

.ctors
 *crtbegin.o(.ctors)
 *crtbegin?.o(.ctors)
 *(EXCLUDE_FILE(*crtend?.o *crtend.o) .ctors)
 *(SORT_BY_NAME(.ctors.*))
 *(.ctors)

.dtors
 *crtbegin.o(.dtors)
 *crtbegin?.o(.dtors)
 *(EXCLUDE_FILE(*crtend?.o *crtend.o) .dtors)
 *(SORT_BY_NAME(.dtors.*))
 *(.dtors)

.dalign         0x0000000020000ac4        0x0 load address 0x0000000000004244
                0x0000000020000ac4                . = (ORIGIN (RAM) + MAX (0x800, SIZEOF (.highcode)))

.dlalign        0x0000000000004244        0x0
                0x0000000000004244                . = ALIGN (0x4)
                0x0000000000004244                PROVIDE (_data_lma = .)

.data           0x0000000020000ac4       0xb4 load address 0x0000000000004244
                0x0000000020000ac4                . = ALIGN (0x4)
                0x0000000020000ac4                PROVIDE (_data_vma = .)
 *(.gnu.linkonce.r.*)
 *(.data .data.*)
 .data.info     0x0000000020000ac4       0x48 ./src/port/common/uf2/ghostfat.o
 .data.impure_data
                0x0000000020000b0c       0x60 d:/mounriver/mounriver_studio/toolchain/risc-v embedded gcc/bin/../lib/gcc/riscv-none-embed/8.2.0/../../../../riscv-none-embed/lib/rv32imac/ilp32\libg_nano.a(lib_a-impure.o)
 *(.gnu.linkonce.d.*)
                0x0000000020000b70                . = ALIGN (0x8)
 *fill*         0x0000000020000b6c        0x4 
                0x0000000020001370                PROVIDE (__global_pointer$ = (. + 0x800))
 *(.sdata .sdata.*)
 .sdata._impure_ptr
                0x0000000020000b70        0x4 d:/mounriver/mounriver_studio/toolchain/risc-v embedded gcc/bin/../lib/gcc/riscv-none-embed/8.2.0/../../../../riscv-none-embed/lib/rv32imac/ilp32\libg_nano.a(lib_a-impure.o)
                0x0000000020000b70                _impure_ptr
 *(.gnu.linkonce.s.*)
                0x0000000020000b78                . = ALIGN (0x8)
 *fill*         0x0000000020000b74        0x4 
 *(.srodata.cst16)
 *(.srodata.cst8)
 *(.srodata.cst4)
 *(.srodata.cst2)
 *(.srodata .srodata.*)
                0x0000000020000b78                . = ALIGN (0x4)
                0x0000000020000b78                PROVIDE (_edata = .)

.noncacheable   0x0000000020000b78     0x1168 load address 0x00000000000042f8
 .noncacheable  0x0000000020000b78      0x120 ./CherryUSB/core/usbd_core.o
                0x0000000020000b78                usbd_core_cfg
 .noncacheable  0x0000000020000c98     0x1048 ./CherryUSB/class/msc/usbd_msc.o
                0x0000000020000c98                usbd_msc_cfg

.bss            0x0000000020001ce0      0xc6c load address 0x0000000000005460
                0x0000000020001ce0                . = ALIGN (0x4)
                0x0000000020001ce0                PROVIDE (_sbss = .)
 *(.sbss*)
 .sbss._flash_size
                0x0000000020001ce0        0x4 ./src/port/common/uf2/ghostfat.o
 .sbss.flashing_start_flag
                0x0000000020001ce4        0x1 ./src/core/lgk_boot_core.o
                0x0000000020001ce4                flashing_start_flag
 .sbss.is_flashing_flag
                0x0000000020001ce5        0x1 ./src/core/lgk_boot_core.o
                0x0000000020001ce5                is_flashing_flag
 *fill*         0x0000000020001ce6        0x2 
 .sbss.bos_desc
                0x0000000020001ce8        0x4 ./CherryUSB/core/usbd_core.o
 .sbss.msosv1_desc
                0x0000000020001cec        0x4 ./CherryUSB/core/usbd_core.o
 .sbss.msosv2_desc
                0x0000000020001cf0        0x4 ./CherryUSB/core/usbd_core.o
 .sbss.usbd_intf_head
                0x0000000020001cf4        0x4 ./CherryUSB/core/usbd_core.o
                0x0000000020001cf4                usbd_intf_head
 .sbss.__malloc_free_list
                0x0000000020001cf8        0x4 d:/mounriver/mounriver_studio/toolchain/risc-v embedded gcc/bin/../lib/gcc/riscv-none-embed/8.2.0/../../../../riscv-none-embed/lib/rv32imac/ilp32\libg_nano.a(lib_a-nano-mallocr.o)
                0x0000000020001cf8                __malloc_free_list
 .sbss.__malloc_sbrk_start
                0x0000000020001cfc        0x4 d:/mounriver/mounriver_studio/toolchain/risc-v embedded gcc/bin/../lib/gcc/riscv-none-embed/8.2.0/../../../../riscv-none-embed/lib/rv32imac/ilp32\libg_nano.a(lib_a-nano-mallocr.o)
                0x0000000020001cfc                __malloc_sbrk_start
 .sbss.heap_end.1518
                0x0000000020001d00        0x4 d:/mounriver/mounriver_studio/toolchain/risc-v embedded gcc/bin/../lib/gcc/riscv-none-embed/8.2.0/../../../../riscv-none-embed/lib/rv32imac/ilp32\libnosys.a(sbrk.o)
 *(.gnu.linkonce.sb.*)
 *(.bss*)
 .bss._wr_state
                0x0000000020001d04      0x818 ./src/port/common/uf2/msc_flash.o
 .bss.intf0     0x000000002000251c       0x20 ./src/port/common/uf2/msc_flash.o
                0x000000002000251c                intf0
 .bss.ep0_data_buff
                0x000000002000253c       0xc0 ./CherryUSB/port/ch32/usb_ch58x_dc_usbfs.o
                0x000000002000253c                ep0_data_buff
 .bss.ep1_data_buff
                0x00000000200025fc       0x80 ./CherryUSB/port/ch32/usb_ch58x_dc_usbfs.o
                0x00000000200025fc                ep1_data_buff
 .bss.ep2_data_buff
                0x000000002000267c       0x80 ./CherryUSB/port/ch32/usb_ch58x_dc_usbfs.o
                0x000000002000267c                ep2_data_buff
 .bss.ep3_data_buff
                0x00000000200026fc       0x80 ./CherryUSB/port/ch32/usb_ch58x_dc_usbfs.o
                0x00000000200026fc                ep3_data_buff
 .bss.usb_dc_cfg
                0x000000002000277c       0xfc ./CherryUSB/port/ch32/usb_ch58x_dc_usbfs.o
 .bss.rx_msg    0x0000000020002878       0x60 ./CherryUSB/core/usbd_core.o
                0x0000000020002878                rx_msg
 .bss.tx_msg    0x00000000200028d8       0x60 ./CherryUSB/core/usbd_core.o
                0x00000000200028d8                tx_msg
 .bss.mass_ep_data
                0x0000000020002938       0x10 ./CherryUSB/class/msc/usbd_msc.o
 *(.gnu.linkonce.b.*)
 *(COMMON*)
 COMMON         0x0000000020002948        0x4 d:/mounriver/mounriver_studio/toolchain/risc-v embedded gcc/bin/../lib/gcc/riscv-none-embed/8.2.0/../../../../riscv-none-embed/lib/rv32imac/ilp32\libg_nano.a(lib_a-reent.o)
                0x0000000020002948                errno
                0x000000002000294c                . = ALIGN (0x4)
                0x000000002000294c                PROVIDE (_ebss = .)
                [!provide]                        PROVIDE (_end = _ebss)
                0x000000002000294c                PROVIDE (end = .)

.stack          0x0000000020007ffc        0x0
                0x0000000020007ffc                . = ALIGN (0x4)
                0x0000000020007ffc                PROVIDE (_eusrstack = .)
OUTPUT(BL_CH582M.elf elf32-littleriscv)

.debug_info     0x0000000000000000     0xd00c
 .debug_info    0x0000000000000000     0x1352 ./src/port/common/uf2/ghostfat.o
 .debug_info    0x0000000000001352      0xdab ./src/port/common/uf2/msc_flash.o
 .debug_info    0x00000000000020fd      0xafe ./src/port/common/uf2/port_uf2.o
 .debug_info    0x0000000000002bfb     0x1330 ./src/port/ch58x/port_common.o
 .debug_info    0x0000000000003f2b      0xc6a ./src/core/lgk_boot_core.o
 .debug_info    0x0000000000004b95      0xf64 ./ch58x_drivers/StdPeriphDriver/CH58x_flash.o
 .debug_info    0x0000000000005af9     0x1481 ./ch58x_drivers/StdPeriphDriver/CH58x_sys.o
 .debug_info    0x0000000000006f7a       0x22 ./ch58x_drivers/Startup/startup_CH583.o
 .debug_info    0x0000000000006f9c      0xcee ./ch58x/main.o
 .debug_info    0x0000000000007c8a     0x1421 ./CherryUSB/port/ch32/usb_ch58x_dc_usbfs.o
 .debug_info    0x00000000000090ab     0x2374 ./CherryUSB/core/usbd_core.o
 .debug_info    0x000000000000b41f     0x1bed ./CherryUSB/class/msc/usbd_msc.o

.debug_abbrev   0x0000000000000000     0x26b4
 .debug_abbrev  0x0000000000000000      0x41d ./src/port/common/uf2/ghostfat.o
 .debug_abbrev  0x000000000000041d      0x300 ./src/port/common/uf2/msc_flash.o
 .debug_abbrev  0x000000000000071d      0x2c4 ./src/port/common/uf2/port_uf2.o
 .debug_abbrev  0x00000000000009e1      0x378 ./src/port/ch58x/port_common.o
 .debug_abbrev  0x0000000000000d59      0x279 ./src/core/lgk_boot_core.o
 .debug_abbrev  0x0000000000000fd2      0x2d6 ./ch58x_drivers/StdPeriphDriver/CH58x_flash.o
 .debug_abbrev  0x00000000000012a8      0x392 ./ch58x_drivers/StdPeriphDriver/CH58x_sys.o
 .debug_abbrev  0x000000000000163a       0x12 ./ch58x_drivers/Startup/startup_CH583.o
 .debug_abbrev  0x000000000000164c      0x209 ./ch58x/main.o
 .debug_abbrev  0x0000000000001855      0x3a3 ./CherryUSB/port/ch32/usb_ch58x_dc_usbfs.o
 .debug_abbrev  0x0000000000001bf8      0x594 ./CherryUSB/core/usbd_core.o
 .debug_abbrev  0x000000000000218c      0x528 ./CherryUSB/class/msc/usbd_msc.o

.debug_loc      0x0000000000000000     0x30a4
 .debug_loc     0x0000000000000000      0x66b ./src/port/common/uf2/ghostfat.o
 .debug_loc     0x000000000000066b      0x124 ./src/port/common/uf2/msc_flash.o
 .debug_loc     0x000000000000078f      0x174 ./src/port/common/uf2/port_uf2.o
 .debug_loc     0x0000000000000903      0x1df ./src/port/ch58x/port_common.o
 .debug_loc     0x0000000000000ae2       0xcb ./src/core/lgk_boot_core.o
 .debug_loc     0x0000000000000bad      0x1db ./ch58x_drivers/StdPeriphDriver/CH58x_flash.o
 .debug_loc     0x0000000000000d88      0x27d ./ch58x_drivers/StdPeriphDriver/CH58x_sys.o
 .debug_loc     0x0000000000001005      0x332 ./CherryUSB/port/ch32/usb_ch58x_dc_usbfs.o
 .debug_loc     0x0000000000001337      0xea2 ./CherryUSB/core/usbd_core.o
 .debug_loc     0x00000000000021d9      0xecb ./CherryUSB/class/msc/usbd_msc.o

.debug_aranges  0x0000000000000000      0x408
 .debug_aranges
                0x0000000000000000       0x38 ./src/port/common/uf2/ghostfat.o
 .debug_aranges
                0x0000000000000038       0x40 ./src/port/common/uf2/msc_flash.o
 .debug_aranges
                0x0000000000000078       0x40 ./src/port/common/uf2/port_uf2.o
 .debug_aranges
                0x00000000000000b8       0x70 ./src/port/ch58x/port_common.o
 .debug_aranges
                0x0000000000000128       0x28 ./src/core/lgk_boot_core.o
 .debug_aranges
                0x0000000000000150       0x38 ./ch58x_drivers/StdPeriphDriver/CH58x_flash.o
 .debug_aranges
                0x0000000000000188       0x88 ./ch58x_drivers/StdPeriphDriver/CH58x_sys.o
 .debug_aranges
                0x0000000000000210       0x30 ./ch58x_drivers/Startup/startup_CH583.o
 .debug_aranges
                0x0000000000000240       0x20 ./ch58x/main.o
 .debug_aranges
                0x0000000000000260       0x78 ./CherryUSB/port/ch32/usb_ch58x_dc_usbfs.o
 .debug_aranges
                0x00000000000002d8       0xd0 ./CherryUSB/core/usbd_core.o
 .debug_aranges
                0x00000000000003a8       0x60 ./CherryUSB/class/msc/usbd_msc.o

.debug_ranges   0x0000000000000000      0x940
 .debug_ranges  0x0000000000000000      0x1a0 ./src/port/common/uf2/ghostfat.o
 .debug_ranges  0x00000000000001a0       0x48 ./src/port/common/uf2/msc_flash.o
 .debug_ranges  0x00000000000001e8       0x30 ./src/port/common/uf2/port_uf2.o
 .debug_ranges  0x0000000000000218       0x80 ./src/port/ch58x/port_common.o
 .debug_ranges  0x0000000000000298       0xc0 ./src/core/lgk_boot_core.o
 .debug_ranges  0x0000000000000358       0x28 ./ch58x_drivers/StdPeriphDriver/CH58x_flash.o
 .debug_ranges  0x0000000000000380       0x98 ./ch58x_drivers/StdPeriphDriver/CH58x_sys.o
 .debug_ranges  0x0000000000000418       0x28 ./ch58x_drivers/Startup/startup_CH583.o
 .debug_ranges  0x0000000000000440       0x10 ./ch58x/main.o
 .debug_ranges  0x0000000000000450       0x98 ./CherryUSB/port/ch32/usb_ch58x_dc_usbfs.o
 .debug_ranges  0x00000000000004e8      0x2b8 ./CherryUSB/core/usbd_core.o
 .debug_ranges  0x00000000000007a0      0x1a0 ./CherryUSB/class/msc/usbd_msc.o

.debug_line     0x0000000000000000     0x79d5
 .debug_line    0x0000000000000000      0xb80 ./src/port/common/uf2/ghostfat.o
 .debug_line    0x0000000000000b80      0x548 ./src/port/common/uf2/msc_flash.o
 .debug_line    0x00000000000010c8      0x3bb ./src/port/common/uf2/port_uf2.o
 .debug_line    0x0000000000001483      0x48a ./src/port/ch58x/port_common.o
 .debug_line    0x000000000000190d      0x860 ./src/core/lgk_boot_core.o
 .debug_line    0x000000000000216d      0x6a0 ./ch58x_drivers/StdPeriphDriver/CH58x_flash.o
 .debug_line    0x000000000000280d      0xebe ./ch58x_drivers/StdPeriphDriver/CH58x_sys.o
 .debug_line    0x00000000000036cb      0x208 ./ch58x_drivers/Startup/startup_CH583.o
 .debug_line    0x00000000000038d3      0x353 ./ch58x/main.o
 .debug_line    0x0000000000003c26     0x11f7 ./CherryUSB/port/ch32/usb_ch58x_dc_usbfs.o
 .debug_line    0x0000000000004e1d     0x1995 ./CherryUSB/core/usbd_core.o
 .debug_line    0x00000000000067b2     0x1223 ./CherryUSB/class/msc/usbd_msc.o

.debug_str      0x0000000000000000     0x26eb
 .debug_str     0x0000000000000000      0x996 ./src/port/common/uf2/ghostfat.o
                                        0xa8e (size before relaxing)
 .debug_str     0x0000000000000996      0x28f ./src/port/common/uf2/msc_flash.o
                                        0x882 (size before relaxing)
 .debug_str     0x0000000000000c25       0xae ./src/port/common/uf2/port_uf2.o
                                        0x69d (size before relaxing)
 .debug_str     0x0000000000000cd3      0x733 ./src/port/ch58x/port_common.o
                                        0xd4d (size before relaxing)
 .debug_str     0x0000000000001406       0x97 ./src/core/lgk_boot_core.o
                                        0x6ff (size before relaxing)
 .debug_str     0x000000000000149d      0x120 ./ch58x_drivers/StdPeriphDriver/CH58x_flash.o
                                        0x995 (size before relaxing)
 .debug_str     0x00000000000015bd      0x174 ./ch58x_drivers/StdPeriphDriver/CH58x_sys.o
                                        0xc74 (size before relaxing)
 .debug_str     0x0000000000001731       0x48 ./ch58x_drivers/Startup/startup_CH583.o
                                         0x70 (size before relaxing)
 .debug_str     0x0000000000001779       0x28 ./ch58x/main.o
                                        0x8c0 (size before relaxing)
 .debug_str     0x00000000000017a1      0x563 ./CherryUSB/port/ch32/usb_ch58x_dc_usbfs.o
                                        0xbcf (size before relaxing)
 .debug_str     0x0000000000001d04      0x633 ./CherryUSB/core/usbd_core.o
                                        0xf29 (size before relaxing)
 .debug_str     0x0000000000002337      0x3b4 ./CherryUSB/class/msc/usbd_msc.o
                                        0xcab (size before relaxing)

.comment        0x0000000000000000       0x33
 .comment       0x0000000000000000       0x33 ./src/port/common/uf2/ghostfat.o
                                         0x34 (size before relaxing)
 .comment       0x0000000000000033       0x34 ./src/port/common/uf2/msc_flash.o
 .comment       0x0000000000000033       0x34 ./src/port/common/uf2/port_uf2.o
 .comment       0x0000000000000033       0x34 ./src/port/ch58x/port_common.o
 .comment       0x0000000000000033       0x34 ./src/core/lgk_boot_core.o
 .comment       0x0000000000000033       0x34 ./ch58x_drivers/StdPeriphDriver/CH58x_flash.o
 .comment       0x0000000000000033       0x34 ./ch58x_drivers/StdPeriphDriver/CH58x_sys.o
 .comment       0x0000000000000033       0x34 ./ch58x/main.o
 .comment       0x0000000000000033       0x34 ./CherryUSB/port/ch32/usb_ch58x_dc_usbfs.o
 .comment       0x0000000000000033       0x34 ./CherryUSB/core/usbd_core.o
 .comment       0x0000000000000033       0x34 ./CherryUSB/class/msc/usbd_msc.o
 .comment       0x0000000000000033       0x34 E:\Project\PlumBL\drv\ch58x_drivers\StdPeriphDriver\libISP583.a(ISP583.o)

.debug_frame    0x0000000000000000     0x1340
 .debug_frame   0x0000000000000000       0xec ./src/port/common/uf2/ghostfat.o
 .debug_frame   0x00000000000000ec       0x84 ./src/port/common/uf2/msc_flash.o
 .debug_frame   0x0000000000000170       0xb4 ./src/port/common/uf2/port_uf2.o
 .debug_frame   0x0000000000000224       0xcc ./src/port/ch58x/port_common.o
 .debug_frame   0x00000000000002f0       0x58 ./src/core/lgk_boot_core.o
 .debug_frame   0x0000000000000348       0x84 ./ch58x_drivers/StdPeriphDriver/CH58x_flash.o
 .debug_frame   0x00000000000003cc      0x114 ./ch58x_drivers/StdPeriphDriver/CH58x_sys.o
 .debug_frame   0x00000000000004e0       0x2c ./ch58x/main.o
 .debug_frame   0x000000000000050c      0x140 ./CherryUSB/port/ch32/usb_ch58x_dc_usbfs.o
 .debug_frame   0x000000000000064c      0x250 ./CherryUSB/core/usbd_core.o
 .debug_frame   0x000000000000089c      0x130 ./CherryUSB/class/msc/usbd_msc.o
 .debug_frame   0x00000000000009cc       0x20 d:/mounriver/mounriver_studio/toolchain/risc-v embedded gcc/bin/../lib/gcc/riscv-none-embed/8.2.0/../../../../riscv-none-embed/lib/rv32imac/ilp32\libg_nano.a(lib_a-memcmp.o)
 .debug_frame   0x00000000000009ec       0x20 d:/mounriver/mounriver_studio/toolchain/risc-v embedded gcc/bin/../lib/gcc/riscv-none-embed/8.2.0/../../../../riscv-none-embed/lib/rv32imac/ilp32\libg_nano.a(lib_a-memcpy.o)
 .debug_frame   0x0000000000000a0c       0x54 d:/mounriver/mounriver_studio/toolchain/risc-v embedded gcc/bin/../lib/gcc/riscv-none-embed/8.2.0/../../../../riscv-none-embed/lib/rv32imac/ilp32\libg_nano.a(lib_a-printf.o)
 .debug_frame   0x0000000000000a60       0x54 d:/mounriver/mounriver_studio/toolchain/risc-v embedded gcc/bin/../lib/gcc/riscv-none-embed/8.2.0/../../../../riscv-none-embed/lib/rv32imac/ilp32\libg_nano.a(lib_a-puts.o)
 .debug_frame   0x0000000000000ab4       0x50 d:/mounriver/mounriver_studio/toolchain/risc-v embedded gcc/bin/../lib/gcc/riscv-none-embed/8.2.0/../../../../riscv-none-embed/lib/rv32imac/ilp32\libg_nano.a(lib_a-wbuf.o)
 .debug_frame   0x0000000000000b04       0x3c d:/mounriver/mounriver_studio/toolchain/risc-v embedded gcc/bin/../lib/gcc/riscv-none-embed/8.2.0/../../../../riscv-none-embed/lib/rv32imac/ilp32\libg_nano.a(lib_a-wsetup.o)
 .debug_frame   0x0000000000000b40       0x7c d:/mounriver/mounriver_studio/toolchain/risc-v embedded gcc/bin/../lib/gcc/riscv-none-embed/8.2.0/../../../../riscv-none-embed/lib/rv32imac/ilp32\libg_nano.a(lib_a-fflush.o)
 .debug_frame   0x0000000000000bbc      0x148 d:/mounriver/mounriver_studio/toolchain/risc-v embedded gcc/bin/../lib/gcc/riscv-none-embed/8.2.0/../../../../riscv-none-embed/lib/rv32imac/ilp32\libg_nano.a(lib_a-findfp.o)
 .debug_frame   0x0000000000000d04       0x88 d:/mounriver/mounriver_studio/toolchain/risc-v embedded gcc/bin/../lib/gcc/riscv-none-embed/8.2.0/../../../../riscv-none-embed/lib/rv32imac/ilp32\libg_nano.a(lib_a-fwalk.o)
 .debug_frame   0x0000000000000d8c       0x64 d:/mounriver/mounriver_studio/toolchain/risc-v embedded gcc/bin/../lib/gcc/riscv-none-embed/8.2.0/../../../../riscv-none-embed/lib/rv32imac/ilp32\libg_nano.a(lib_a-makebuf.o)
 .debug_frame   0x0000000000000df0       0x40 d:/mounriver/mounriver_studio/toolchain/risc-v embedded gcc/bin/../lib/gcc/riscv-none-embed/8.2.0/../../../../riscv-none-embed/lib/rv32imac/ilp32\libg_nano.a(lib_a-nano-freer.o)
 .debug_frame   0x0000000000000e30       0x40 d:/mounriver/mounriver_studio/toolchain/risc-v embedded gcc/bin/../lib/gcc/riscv-none-embed/8.2.0/../../../../riscv-none-embed/lib/rv32imac/ilp32\libg_nano.a(lib_a-nano-mallocr.o)
 .debug_frame   0x0000000000000e70       0xd0 d:/mounriver/mounriver_studio/toolchain/risc-v embedded gcc/bin/../lib/gcc/riscv-none-embed/8.2.0/../../../../riscv-none-embed/lib/rv32imac/ilp32\libg_nano.a(lib_a-nano-vfprintf.o)
 .debug_frame   0x0000000000000f40       0x8c d:/mounriver/mounriver_studio/toolchain/risc-v embedded gcc/bin/../lib/gcc/riscv-none-embed/8.2.0/../../../../riscv-none-embed/lib/rv32imac/ilp32\libg_nano.a(lib_a-nano-vfprintf_i.o)
 .debug_frame   0x0000000000000fcc       0x30 d:/mounriver/mounriver_studio/toolchain/risc-v embedded gcc/bin/../lib/gcc/riscv-none-embed/8.2.0/../../../../riscv-none-embed/lib/rv32imac/ilp32\libg_nano.a(lib_a-sbrkr.o)
 .debug_frame   0x0000000000000ffc       0xa4 d:/mounriver/mounriver_studio/toolchain/risc-v embedded gcc/bin/../lib/gcc/riscv-none-embed/8.2.0/../../../../riscv-none-embed/lib/rv32imac/ilp32\libg_nano.a(lib_a-stdio.o)
 .debug_frame   0x00000000000010a0       0x30 d:/mounriver/mounriver_studio/toolchain/risc-v embedded gcc/bin/../lib/gcc/riscv-none-embed/8.2.0/../../../../riscv-none-embed/lib/rv32imac/ilp32\libg_nano.a(lib_a-writer.o)
 .debug_frame   0x00000000000010d0       0x30 d:/mounriver/mounriver_studio/toolchain/risc-v embedded gcc/bin/../lib/gcc/riscv-none-embed/8.2.0/../../../../riscv-none-embed/lib/rv32imac/ilp32\libg_nano.a(lib_a-closer.o)
 .debug_frame   0x0000000000001100       0x30 d:/mounriver/mounriver_studio/toolchain/risc-v embedded gcc/bin/../lib/gcc/riscv-none-embed/8.2.0/../../../../riscv-none-embed/lib/rv32imac/ilp32\libg_nano.a(lib_a-fstatr.o)
 .debug_frame   0x0000000000001130       0x30 d:/mounriver/mounriver_studio/toolchain/risc-v embedded gcc/bin/../lib/gcc/riscv-none-embed/8.2.0/../../../../riscv-none-embed/lib/rv32imac/ilp32\libg_nano.a(lib_a-isattyr.o)
 .debug_frame   0x0000000000001160       0x30 d:/mounriver/mounriver_studio/toolchain/risc-v embedded gcc/bin/../lib/gcc/riscv-none-embed/8.2.0/../../../../riscv-none-embed/lib/rv32imac/ilp32\libg_nano.a(lib_a-lseekr.o)
 .debug_frame   0x0000000000001190       0x20 d:/mounriver/mounriver_studio/toolchain/risc-v embedded gcc/bin/../lib/gcc/riscv-none-embed/8.2.0/../../../../riscv-none-embed/lib/rv32imac/ilp32\libg_nano.a(lib_a-memchr.o)
 .debug_frame   0x00000000000011b0       0x30 d:/mounriver/mounriver_studio/toolchain/risc-v embedded gcc/bin/../lib/gcc/riscv-none-embed/8.2.0/../../../../riscv-none-embed/lib/rv32imac/ilp32\libg_nano.a(lib_a-mlock.o)
 .debug_frame   0x00000000000011e0       0x30 d:/mounriver/mounriver_studio/toolchain/risc-v embedded gcc/bin/../lib/gcc/riscv-none-embed/8.2.0/../../../../riscv-none-embed/lib/rv32imac/ilp32\libg_nano.a(lib_a-readr.o)
 .debug_frame   0x0000000000001210       0x70 d:/mounriver/mounriver_studio/toolchain/risc-v embedded gcc/bin/../lib/gcc/riscv-none-embed/8.2.0/../../../../riscv-none-embed/lib/rv32imac/ilp32\libg_nano.a(lib_a-reent.o)
 .debug_frame   0x0000000000001280       0x20 d:/mounriver/mounriver_studio/toolchain/risc-v embedded gcc/bin/../lib/gcc/riscv-none-embed/8.2.0/../../../../riscv-none-embed/lib/rv32imac/ilp32\libnosys.a(close.o)
 .debug_frame   0x00000000000012a0       0x20 d:/mounriver/mounriver_studio/toolchain/risc-v embedded gcc/bin/../lib/gcc/riscv-none-embed/8.2.0/../../../../riscv-none-embed/lib/rv32imac/ilp32\libnosys.a(fstat.o)
 .debug_frame   0x00000000000012c0       0x20 d:/mounriver/mounriver_studio/toolchain/risc-v embedded gcc/bin/../lib/gcc/riscv-none-embed/8.2.0/../../../../riscv-none-embed/lib/rv32imac/ilp32\libnosys.a(isatty.o)
 .debug_frame   0x00000000000012e0       0x20 d:/mounriver/mounriver_studio/toolchain/risc-v embedded gcc/bin/../lib/gcc/riscv-none-embed/8.2.0/../../../../riscv-none-embed/lib/rv32imac/ilp32\libnosys.a(lseek.o)
 .debug_frame   0x0000000000001300       0x20 d:/mounriver/mounriver_studio/toolchain/risc-v embedded gcc/bin/../lib/gcc/riscv-none-embed/8.2.0/../../../../riscv-none-embed/lib/rv32imac/ilp32\libnosys.a(read.o)
 .debug_frame   0x0000000000001320       0x20 d:/mounriver/mounriver_studio/toolchain/risc-v embedded gcc/bin/../lib/gcc/riscv-none-embed/8.2.0/../../../../riscv-none-embed/lib/rv32imac/ilp32\libnosys.a(sbrk.o)

.stab           0x0000000000000000       0x84
 .stab          0x0000000000000000       0x24 d:/mounriver/mounriver_studio/toolchain/risc-v embedded gcc/bin/../lib/gcc/riscv-none-embed/8.2.0/../../../../riscv-none-embed/lib/rv32imac/ilp32\libnosys.a(close.o)
 .stab          0x0000000000000024       0x18 d:/mounriver/mounriver_studio/toolchain/risc-v embedded gcc/bin/../lib/gcc/riscv-none-embed/8.2.0/../../../../riscv-none-embed/lib/rv32imac/ilp32\libnosys.a(fstat.o)
                                         0x24 (size before relaxing)
 .stab          0x000000000000003c       0x18 d:/mounriver/mounriver_studio/toolchain/risc-v embedded gcc/bin/../lib/gcc/riscv-none-embed/8.2.0/../../../../riscv-none-embed/lib/rv32imac/ilp32\libnosys.a(isatty.o)
                                         0x24 (size before relaxing)
 .stab          0x0000000000000054       0x18 d:/mounriver/mounriver_studio/toolchain/risc-v embedded gcc/bin/../lib/gcc/riscv-none-embed/8.2.0/../../../../riscv-none-embed/lib/rv32imac/ilp32\libnosys.a(lseek.o)
                                         0x24 (size before relaxing)
 .stab          0x000000000000006c       0x18 d:/mounriver/mounriver_studio/toolchain/risc-v embedded gcc/bin/../lib/gcc/riscv-none-embed/8.2.0/../../../../riscv-none-embed/lib/rv32imac/ilp32\libnosys.a(read.o)
                                         0x24 (size before relaxing)

.stabstr        0x0000000000000000      0x117
 .stabstr       0x0000000000000000      0x117 d:/mounriver/mounriver_studio/toolchain/risc-v embedded gcc/bin/../lib/gcc/riscv-none-embed/8.2.0/../../../../riscv-none-embed/lib/rv32imac/ilp32\libnosys.a(close.o)
